Archive member included because of file (symbol)

c:/program files (x86)/atmel/atmel toolchain/avr8 gcc/native/3.4.1061/avr8-gnu-toolchain/bin/../lib/gcc/avr/4.8.1/avr5\libgcc.a(_divmodhi4.o)
                              Node_1/joystick.o (__divmodhi4)
c:/program files (x86)/atmel/atmel toolchain/avr8 gcc/native/3.4.1061/avr8-gnu-toolchain/bin/../lib/gcc/avr/4.8.1/avr5\libgcc.a(_exit.o)
                              c:/program files (x86)/atmel/atmel toolchain/avr8 gcc/native/3.4.1061/avr8-gnu-toolchain/bin/../lib/gcc/avr/4.8.1/../../../../avr/lib/avr5/crtm162.o (exit)
c:/program files (x86)/atmel/atmel toolchain/avr8 gcc/native/3.4.1061/avr8-gnu-toolchain/bin/../lib/gcc/avr/4.8.1/avr5\libgcc.a(_tablejump.o)
                              Node_1/menu.o (__tablejump2__)
c:/program files (x86)/atmel/atmel toolchain/avr8 gcc/native/3.4.1061/avr8-gnu-toolchain/bin/../lib/gcc/avr/4.8.1/avr5\libgcc.a(_copy_data.o)
                              Node_1/ADC.o (__do_copy_data)
c:/program files (x86)/atmel/atmel toolchain/avr8 gcc/native/3.4.1061/avr8-gnu-toolchain/bin/../lib/gcc/avr/4.8.1/avr5\libgcc.a(_clear_bss.o)
                              Node_1/joystick.o (__do_clear_bss)
c:/program files (x86)/atmel/atmel toolchain/avr8 gcc/native/3.4.1061/avr8-gnu-toolchain/bin/../lib/gcc/avr/4.8.1/avr5\libgcc.a(_udivmodhi4.o)
                              c:/program files (x86)/atmel/atmel toolchain/avr8 gcc/native/3.4.1061/avr8-gnu-toolchain/bin/../lib/gcc/avr/4.8.1/avr5\libgcc.a(_divmodhi4.o) (__udivmodhi4)
c:/program files (x86)/atmel/atmel toolchain/avr8 gcc/native/3.4.1061/avr8-gnu-toolchain/bin/../lib/gcc/avr/4.8.1/../../../../avr/lib/avr5\libc.a(fdevopen.o)
                              Node_1/UARTdriver.o (fdevopen)
c:/program files (x86)/atmel/atmel toolchain/avr8 gcc/native/3.4.1061/avr8-gnu-toolchain/bin/../lib/gcc/avr/4.8.1/../../../../avr/lib/avr5\libc.a(iob.o)
                              c:/program files (x86)/atmel/atmel toolchain/avr8 gcc/native/3.4.1061/avr8-gnu-toolchain/bin/../lib/gcc/avr/4.8.1/../../../../avr/lib/avr5\libc.a(fdevopen.o) (__iob)
c:/program files (x86)/atmel/atmel toolchain/avr8 gcc/native/3.4.1061/avr8-gnu-toolchain/bin/../lib/gcc/avr/4.8.1/../../../../avr/lib/avr5\libc.a(printf.o)
                              Node_1/joystick.o (printf)
c:/program files (x86)/atmel/atmel toolchain/avr8 gcc/native/3.4.1061/avr8-gnu-toolchain/bin/../lib/gcc/avr/4.8.1/../../../../avr/lib/avr5\libc.a(sprintf.o)
                              Node_1/game.o (sprintf)
c:/program files (x86)/atmel/atmel toolchain/avr8 gcc/native/3.4.1061/avr8-gnu-toolchain/bin/../lib/gcc/avr/4.8.1/../../../../avr/lib/avr5\libc.a(vfprintf_std.o)
                              c:/program files (x86)/atmel/atmel toolchain/avr8 gcc/native/3.4.1061/avr8-gnu-toolchain/bin/../lib/gcc/avr/4.8.1/../../../../avr/lib/avr5\libc.a(printf.o) (vfprintf)
c:/program files (x86)/atmel/atmel toolchain/avr8 gcc/native/3.4.1061/avr8-gnu-toolchain/bin/../lib/gcc/avr/4.8.1/../../../../avr/lib/avr5\libc.a(calloc.o)
                              c:/program files (x86)/atmel/atmel toolchain/avr8 gcc/native/3.4.1061/avr8-gnu-toolchain/bin/../lib/gcc/avr/4.8.1/../../../../avr/lib/avr5\libc.a(fdevopen.o) (calloc)
c:/program files (x86)/atmel/atmel toolchain/avr8 gcc/native/3.4.1061/avr8-gnu-toolchain/bin/../lib/gcc/avr/4.8.1/../../../../avr/lib/avr5\libc.a(malloc.o)
                              c:/program files (x86)/atmel/atmel toolchain/avr8 gcc/native/3.4.1061/avr8-gnu-toolchain/bin/../lib/gcc/avr/4.8.1/../../../../avr/lib/avr5\libc.a(calloc.o) (malloc)
c:/program files (x86)/atmel/atmel toolchain/avr8 gcc/native/3.4.1061/avr8-gnu-toolchain/bin/../lib/gcc/avr/4.8.1/../../../../avr/lib/avr5\libc.a(strnlen_P.o)
                              c:/program files (x86)/atmel/atmel toolchain/avr8 gcc/native/3.4.1061/avr8-gnu-toolchain/bin/../lib/gcc/avr/4.8.1/../../../../avr/lib/avr5\libc.a(vfprintf_std.o) (strnlen_P)
c:/program files (x86)/atmel/atmel toolchain/avr8 gcc/native/3.4.1061/avr8-gnu-toolchain/bin/../lib/gcc/avr/4.8.1/../../../../avr/lib/avr5\libc.a(memset.o)
                              c:/program files (x86)/atmel/atmel toolchain/avr8 gcc/native/3.4.1061/avr8-gnu-toolchain/bin/../lib/gcc/avr/4.8.1/../../../../avr/lib/avr5\libc.a(calloc.o) (memset)
c:/program files (x86)/atmel/atmel toolchain/avr8 gcc/native/3.4.1061/avr8-gnu-toolchain/bin/../lib/gcc/avr/4.8.1/../../../../avr/lib/avr5\libc.a(strnlen.o)
                              c:/program files (x86)/atmel/atmel toolchain/avr8 gcc/native/3.4.1061/avr8-gnu-toolchain/bin/../lib/gcc/avr/4.8.1/../../../../avr/lib/avr5\libc.a(vfprintf_std.o) (strnlen)
c:/program files (x86)/atmel/atmel toolchain/avr8 gcc/native/3.4.1061/avr8-gnu-toolchain/bin/../lib/gcc/avr/4.8.1/../../../../avr/lib/avr5\libc.a(fputc.o)
                              c:/program files (x86)/atmel/atmel toolchain/avr8 gcc/native/3.4.1061/avr8-gnu-toolchain/bin/../lib/gcc/avr/4.8.1/../../../../avr/lib/avr5\libc.a(vfprintf_std.o) (fputc)
c:/program files (x86)/atmel/atmel toolchain/avr8 gcc/native/3.4.1061/avr8-gnu-toolchain/bin/../lib/gcc/avr/4.8.1/../../../../avr/lib/avr5\libc.a(ultoa_invert.o)
                              c:/program files (x86)/atmel/atmel toolchain/avr8 gcc/native/3.4.1061/avr8-gnu-toolchain/bin/../lib/gcc/avr/4.8.1/../../../../avr/lib/avr5\libc.a(vfprintf_std.o) (__ultoa_invert)
c:/program files (x86)/atmel/atmel toolchain/avr8 gcc/native/3.4.1061/avr8-gnu-toolchain/bin/../lib/gcc/avr/4.8.1/avr5\libgcc.a(_prologue.o)
                              c:/program files (x86)/atmel/atmel toolchain/avr8 gcc/native/3.4.1061/avr8-gnu-toolchain/bin/../lib/gcc/avr/4.8.1/../../../../avr/lib/avr5\libc.a(printf.o) (__prologue_saves__)
c:/program files (x86)/atmel/atmel toolchain/avr8 gcc/native/3.4.1061/avr8-gnu-toolchain/bin/../lib/gcc/avr/4.8.1/avr5\libgcc.a(_epilogue.o)
                              c:/program files (x86)/atmel/atmel toolchain/avr8 gcc/native/3.4.1061/avr8-gnu-toolchain/bin/../lib/gcc/avr/4.8.1/../../../../avr/lib/avr5\libc.a(printf.o) (__epilogue_restores__)

Allocating common symbols
Common symbol       size              file

markerPage          0x1               Node_1/menu.o
__brkval            0x2               c:/program files (x86)/atmel/atmel toolchain/avr8 gcc/native/3.4.1061/avr8-gnu-toolchain/bin/../lib/gcc/avr/4.8.1/../../../../avr/lib/avr5\libc.a(malloc.o)
col                 0x1               Node_1/OLEDdriver.o
page                0x1               Node_1/OLEDdriver.o
initialPosition     0x4               Node_1/joystick.o
__flp               0x2               c:/program files (x86)/atmel/atmel toolchain/avr8 gcc/native/3.4.1061/avr8-gnu-toolchain/bin/../lib/gcc/avr/4.8.1/../../../../avr/lib/avr5\libc.a(malloc.o)
__iob               0x6               c:/program files (x86)/atmel/atmel toolchain/avr8 gcc/native/3.4.1061/avr8-gnu-toolchain/bin/../lib/gcc/avr/4.8.1/../../../../avr/lib/avr5\libc.a(iob.o)

Discarded input sections

 .data          0x00000000        0x0 c:/program files (x86)/atmel/atmel toolchain/avr8 gcc/native/3.4.1061/avr8-gnu-toolchain/bin/../lib/gcc/avr/4.8.1/../../../../avr/lib/avr5/crtm162.o
 .bss           0x00000000        0x0 c:/program files (x86)/atmel/atmel toolchain/avr8 gcc/native/3.4.1061/avr8-gnu-toolchain/bin/../lib/gcc/avr/4.8.1/../../../../avr/lib/avr5/crtm162.o
 .text          0x00000000        0x0 Node_1/ADC.o
 .data          0x00000000        0x0 Node_1/ADC.o
 .bss           0x00000000        0x0 Node_1/ADC.o
 .text          0x00000000        0x0 Node_1/buzzer.o
 .data          0x00000000        0x0 Node_1/buzzer.o
 .bss           0x00000000        0x0 Node_1/buzzer.o
 .debug_line    0x00000000        0x0 Node_1/buzzer.o
 .debug_str     0x00000000        0x0 Node_1/buzzer.o
 .comment       0x00000000       0x31 Node_1/buzzer.o
 .text          0x00000000        0x0 Node_1/CAN.o
 .data          0x00000000        0x0 Node_1/CAN.o
 .bss           0x00000000        0x0 Node_1/CAN.o
 .text          0x00000000        0x0 Node_1/EEPROM.o
 .data          0x00000000        0x0 Node_1/EEPROM.o
 .bss           0x00000000        0x0 Node_1/EEPROM.o
 .text          0x00000000        0x0 Node_1/game.o
 .data          0x00000000        0x0 Node_1/game.o
 .bss           0x00000000        0x0 Node_1/game.o
 .text          0x00000000        0x0 Node_1/joystick.o
 .data          0x00000000        0x0 Node_1/joystick.o
 .bss           0x00000000        0x0 Node_1/joystick.o
 .rodata.str1.1
                0x00000000       0x32 Node_1/joystick.o
 .text.printDir
                0x00000000       0x60 Node_1/joystick.o
 .text          0x00000000        0x0 Node_1/main.o
 .data          0x00000000        0x0 Node_1/main.o
 .bss           0x00000000        0x0 Node_1/main.o
 .text          0x00000000        0x0 Node_1/MCPdriver.o
 .data          0x00000000        0x0 Node_1/MCPdriver.o
 .bss           0x00000000        0x0 Node_1/MCPdriver.o
 .text.MCP2515_readStatus
                0x00000000       0x22 Node_1/MCPdriver.o
 .text          0x00000000        0x0 Node_1/menu.o
 .data          0x00000000        0x0 Node_1/menu.o
 .bss           0x00000000        0x0 Node_1/menu.o
 .text          0x00000000        0x0 Node_1/OLEDdriver.o
 .data          0x00000000        0x0 Node_1/OLEDdriver.o
 .bss           0x00000000        0x0 Node_1/OLEDdriver.o
 .text.OLED_write_command
                0x00000000        0xc Node_1/OLEDdriver.o
 .text.print_char
                0x00000000       0x36 Node_1/OLEDdriver.o
 .text          0x00000000        0x0 Node_1/SPI.o
 .data          0x00000000        0x0 Node_1/SPI.o
 .bss           0x00000000        0x0 Node_1/SPI.o
 .text          0x00000000        0x0 Node_1/SRAM_test.o
 .data          0x00000000        0x0 Node_1/SRAM_test.o
 .bss           0x00000000        0x0 Node_1/SRAM_test.o
 .debug_info    0x00000000       0x56 Node_1/SRAM_test.o
 .debug_abbrev  0x00000000       0x26 Node_1/SRAM_test.o
 .debug_aranges
                0x00000000       0x18 Node_1/SRAM_test.o
 .debug_line    0x00000000       0x1a Node_1/SRAM_test.o
 .debug_str     0x00000000      0x158 Node_1/SRAM_test.o
 .comment       0x00000000       0x31 Node_1/SRAM_test.o
 .text          0x00000000        0x0 Node_1/UARTdriver.o
 .data          0x00000000        0x0 Node_1/UARTdriver.o
 .bss           0x00000000        0x0 Node_1/UARTdriver.o
 .text          0x00000000        0x0 c:/program files (x86)/atmel/atmel toolchain/avr8 gcc/native/3.4.1061/avr8-gnu-toolchain/bin/../lib/gcc/avr/4.8.1/avr5\libgcc.a(_divmodhi4.o)
 .data          0x00000000        0x0 c:/program files (x86)/atmel/atmel toolchain/avr8 gcc/native/3.4.1061/avr8-gnu-toolchain/bin/../lib/gcc/avr/4.8.1/avr5\libgcc.a(_divmodhi4.o)
 .bss           0x00000000        0x0 c:/program files (x86)/atmel/atmel toolchain/avr8 gcc/native/3.4.1061/avr8-gnu-toolchain/bin/../lib/gcc/avr/4.8.1/avr5\libgcc.a(_divmodhi4.o)
 .text.libgcc.mul
                0x00000000        0x0 c:/program files (x86)/atmel/atmel toolchain/avr8 gcc/native/3.4.1061/avr8-gnu-toolchain/bin/../lib/gcc/avr/4.8.1/avr5\libgcc.a(_divmodhi4.o)
 .text.libgcc   0x00000000        0x0 c:/program files (x86)/atmel/atmel toolchain/avr8 gcc/native/3.4.1061/avr8-gnu-toolchain/bin/../lib/gcc/avr/4.8.1/avr5\libgcc.a(_divmodhi4.o)
 .text.libgcc.prologue
                0x00000000        0x0 c:/program files (x86)/atmel/atmel toolchain/avr8 gcc/native/3.4.1061/avr8-gnu-toolchain/bin/../lib/gcc/avr/4.8.1/avr5\libgcc.a(_divmodhi4.o)
 .text.libgcc.builtins
                0x00000000        0x0 c:/program files (x86)/atmel/atmel toolchain/avr8 gcc/native/3.4.1061/avr8-gnu-toolchain/bin/../lib/gcc/avr/4.8.1/avr5\libgcc.a(_divmodhi4.o)
 .text.libgcc.fmul
                0x00000000        0x0 c:/program files (x86)/atmel/atmel toolchain/avr8 gcc/native/3.4.1061/avr8-gnu-toolchain/bin/../lib/gcc/avr/4.8.1/avr5\libgcc.a(_divmodhi4.o)
 .text.libgcc.fixed
                0x00000000        0x0 c:/program files (x86)/atmel/atmel toolchain/avr8 gcc/native/3.4.1061/avr8-gnu-toolchain/bin/../lib/gcc/avr/4.8.1/avr5\libgcc.a(_divmodhi4.o)
 .text          0x00000000        0x0 c:/program files (x86)/atmel/atmel toolchain/avr8 gcc/native/3.4.1061/avr8-gnu-toolchain/bin/../lib/gcc/avr/4.8.1/avr5\libgcc.a(_exit.o)
 .data          0x00000000        0x0 c:/program files (x86)/atmel/atmel toolchain/avr8 gcc/native/3.4.1061/avr8-gnu-toolchain/bin/../lib/gcc/avr/4.8.1/avr5\libgcc.a(_exit.o)
 .bss           0x00000000        0x0 c:/program files (x86)/atmel/atmel toolchain/avr8 gcc/native/3.4.1061/avr8-gnu-toolchain/bin/../lib/gcc/avr/4.8.1/avr5\libgcc.a(_exit.o)
 .text.libgcc.mul
                0x00000000        0x0 c:/program files (x86)/atmel/atmel toolchain/avr8 gcc/native/3.4.1061/avr8-gnu-toolchain/bin/../lib/gcc/avr/4.8.1/avr5\libgcc.a(_exit.o)
 .text.libgcc.div
                0x00000000        0x0 c:/program files (x86)/atmel/atmel toolchain/avr8 gcc/native/3.4.1061/avr8-gnu-toolchain/bin/../lib/gcc/avr/4.8.1/avr5\libgcc.a(_exit.o)
 .text.libgcc   0x00000000        0x0 c:/program files (x86)/atmel/atmel toolchain/avr8 gcc/native/3.4.1061/avr8-gnu-toolchain/bin/../lib/gcc/avr/4.8.1/avr5\libgcc.a(_exit.o)
 .text.libgcc.prologue
                0x00000000        0x0 c:/program files (x86)/atmel/atmel toolchain/avr8 gcc/native/3.4.1061/avr8-gnu-toolchain/bin/../lib/gcc/avr/4.8.1/avr5\libgcc.a(_exit.o)
 .text.libgcc.builtins
                0x00000000        0x0 c:/program files (x86)/atmel/atmel toolchain/avr8 gcc/native/3.4.1061/avr8-gnu-toolchain/bin/../lib/gcc/avr/4.8.1/avr5\libgcc.a(_exit.o)
 .text.libgcc.fmul
                0x00000000        0x0 c:/program files (x86)/atmel/atmel toolchain/avr8 gcc/native/3.4.1061/avr8-gnu-toolchain/bin/../lib/gcc/avr/4.8.1/avr5\libgcc.a(_exit.o)
 .text.libgcc.fixed
                0x00000000        0x0 c:/program files (x86)/atmel/atmel toolchain/avr8 gcc/native/3.4.1061/avr8-gnu-toolchain/bin/../lib/gcc/avr/4.8.1/avr5\libgcc.a(_exit.o)
 .text          0x00000000        0x0 c:/program files (x86)/atmel/atmel toolchain/avr8 gcc/native/3.4.1061/avr8-gnu-toolchain/bin/../lib/gcc/avr/4.8.1/avr5\libgcc.a(_tablejump.o)
 .data          0x00000000        0x0 c:/program files (x86)/atmel/atmel toolchain/avr8 gcc/native/3.4.1061/avr8-gnu-toolchain/bin/../lib/gcc/avr/4.8.1/avr5\libgcc.a(_tablejump.o)
 .bss           0x00000000        0x0 c:/program files (x86)/atmel/atmel toolchain/avr8 gcc/native/3.4.1061/avr8-gnu-toolchain/bin/../lib/gcc/avr/4.8.1/avr5\libgcc.a(_tablejump.o)
 .text.libgcc.mul
                0x00000000        0x0 c:/program files (x86)/atmel/atmel toolchain/avr8 gcc/native/3.4.1061/avr8-gnu-toolchain/bin/../lib/gcc/avr/4.8.1/avr5\libgcc.a(_tablejump.o)
 .text.libgcc.div
                0x00000000        0x0 c:/program files (x86)/atmel/atmel toolchain/avr8 gcc/native/3.4.1061/avr8-gnu-toolchain/bin/../lib/gcc/avr/4.8.1/avr5\libgcc.a(_tablejump.o)
 .text.libgcc.prologue
                0x00000000        0x0 c:/program files (x86)/atmel/atmel toolchain/avr8 gcc/native/3.4.1061/avr8-gnu-toolchain/bin/../lib/gcc/avr/4.8.1/avr5\libgcc.a(_tablejump.o)
 .text.libgcc.builtins
                0x00000000        0x0 c:/program files (x86)/atmel/atmel toolchain/avr8 gcc/native/3.4.1061/avr8-gnu-toolchain/bin/../lib/gcc/avr/4.8.1/avr5\libgcc.a(_tablejump.o)
 .text.libgcc.fmul
                0x00000000        0x0 c:/program files (x86)/atmel/atmel toolchain/avr8 gcc/native/3.4.1061/avr8-gnu-toolchain/bin/../lib/gcc/avr/4.8.1/avr5\libgcc.a(_tablejump.o)
 .text.libgcc.fixed
                0x00000000        0x0 c:/program files (x86)/atmel/atmel toolchain/avr8 gcc/native/3.4.1061/avr8-gnu-toolchain/bin/../lib/gcc/avr/4.8.1/avr5\libgcc.a(_tablejump.o)
 .text          0x00000000        0x0 c:/program files (x86)/atmel/atmel toolchain/avr8 gcc/native/3.4.1061/avr8-gnu-toolchain/bin/../lib/gcc/avr/4.8.1/avr5\libgcc.a(_copy_data.o)
 .data          0x00000000        0x0 c:/program files (x86)/atmel/atmel toolchain/avr8 gcc/native/3.4.1061/avr8-gnu-toolchain/bin/../lib/gcc/avr/4.8.1/avr5\libgcc.a(_copy_data.o)
 .bss           0x00000000        0x0 c:/program files (x86)/atmel/atmel toolchain/avr8 gcc/native/3.4.1061/avr8-gnu-toolchain/bin/../lib/gcc/avr/4.8.1/avr5\libgcc.a(_copy_data.o)
 .text.libgcc.mul
                0x00000000        0x0 c:/program files (x86)/atmel/atmel toolchain/avr8 gcc/native/3.4.1061/avr8-gnu-toolchain/bin/../lib/gcc/avr/4.8.1/avr5\libgcc.a(_copy_data.o)
 .text.libgcc.div
                0x00000000        0x0 c:/program files (x86)/atmel/atmel toolchain/avr8 gcc/native/3.4.1061/avr8-gnu-toolchain/bin/../lib/gcc/avr/4.8.1/avr5\libgcc.a(_copy_data.o)
 .text.libgcc   0x00000000        0x0 c:/program files (x86)/atmel/atmel toolchain/avr8 gcc/native/3.4.1061/avr8-gnu-toolchain/bin/../lib/gcc/avr/4.8.1/avr5\libgcc.a(_copy_data.o)
 .text.libgcc.prologue
                0x00000000        0x0 c:/program files (x86)/atmel/atmel toolchain/avr8 gcc/native/3.4.1061/avr8-gnu-toolchain/bin/../lib/gcc/avr/4.8.1/avr5\libgcc.a(_copy_data.o)
 .text.libgcc.builtins
                0x00000000        0x0 c:/program files (x86)/atmel/atmel toolchain/avr8 gcc/native/3.4.1061/avr8-gnu-toolchain/bin/../lib/gcc/avr/4.8.1/avr5\libgcc.a(_copy_data.o)
 .text.libgcc.fmul
                0x00000000        0x0 c:/program files (x86)/atmel/atmel toolchain/avr8 gcc/native/3.4.1061/avr8-gnu-toolchain/bin/../lib/gcc/avr/4.8.1/avr5\libgcc.a(_copy_data.o)
 .text.libgcc.fixed
                0x00000000        0x0 c:/program files (x86)/atmel/atmel toolchain/avr8 gcc/native/3.4.1061/avr8-gnu-toolchain/bin/../lib/gcc/avr/4.8.1/avr5\libgcc.a(_copy_data.o)
 .text          0x00000000        0x0 c:/program files (x86)/atmel/atmel toolchain/avr8 gcc/native/3.4.1061/avr8-gnu-toolchain/bin/../lib/gcc/avr/4.8.1/avr5\libgcc.a(_clear_bss.o)
 .data          0x00000000        0x0 c:/program files (x86)/atmel/atmel toolchain/avr8 gcc/native/3.4.1061/avr8-gnu-toolchain/bin/../lib/gcc/avr/4.8.1/avr5\libgcc.a(_clear_bss.o)
 .bss           0x00000000        0x0 c:/program files (x86)/atmel/atmel toolchain/avr8 gcc/native/3.4.1061/avr8-gnu-toolchain/bin/../lib/gcc/avr/4.8.1/avr5\libgcc.a(_clear_bss.o)
 .text.libgcc.mul
                0x00000000        0x0 c:/program files (x86)/atmel/atmel toolchain/avr8 gcc/native/3.4.1061/avr8-gnu-toolchain/bin/../lib/gcc/avr/4.8.1/avr5\libgcc.a(_clear_bss.o)
 .text.libgcc.div
                0x00000000        0x0 c:/program files (x86)/atmel/atmel toolchain/avr8 gcc/native/3.4.1061/avr8-gnu-toolchain/bin/../lib/gcc/avr/4.8.1/avr5\libgcc.a(_clear_bss.o)
 .text.libgcc   0x00000000        0x0 c:/program files (x86)/atmel/atmel toolchain/avr8 gcc/native/3.4.1061/avr8-gnu-toolchain/bin/../lib/gcc/avr/4.8.1/avr5\libgcc.a(_clear_bss.o)
 .text.libgcc.prologue
                0x00000000        0x0 c:/program files (x86)/atmel/atmel toolchain/avr8 gcc/native/3.4.1061/avr8-gnu-toolchain/bin/../lib/gcc/avr/4.8.1/avr5\libgcc.a(_clear_bss.o)
 .text.libgcc.builtins
                0x00000000        0x0 c:/program files (x86)/atmel/atmel toolchain/avr8 gcc/native/3.4.1061/avr8-gnu-toolchain/bin/../lib/gcc/avr/4.8.1/avr5\libgcc.a(_clear_bss.o)
 .text.libgcc.fmul
                0x00000000        0x0 c:/program files (x86)/atmel/atmel toolchain/avr8 gcc/native/3.4.1061/avr8-gnu-toolchain/bin/../lib/gcc/avr/4.8.1/avr5\libgcc.a(_clear_bss.o)
 .text.libgcc.fixed
                0x00000000        0x0 c:/program files (x86)/atmel/atmel toolchain/avr8 gcc/native/3.4.1061/avr8-gnu-toolchain/bin/../lib/gcc/avr/4.8.1/avr5\libgcc.a(_clear_bss.o)
 .text          0x00000000        0x0 c:/program files (x86)/atmel/atmel toolchain/avr8 gcc/native/3.4.1061/avr8-gnu-toolchain/bin/../lib/gcc/avr/4.8.1/avr5\libgcc.a(_udivmodhi4.o)
 .data          0x00000000        0x0 c:/program files (x86)/atmel/atmel toolchain/avr8 gcc/native/3.4.1061/avr8-gnu-toolchain/bin/../lib/gcc/avr/4.8.1/avr5\libgcc.a(_udivmodhi4.o)
 .bss           0x00000000        0x0 c:/program files (x86)/atmel/atmel toolchain/avr8 gcc/native/3.4.1061/avr8-gnu-toolchain/bin/../lib/gcc/avr/4.8.1/avr5\libgcc.a(_udivmodhi4.o)
 .text.libgcc.mul
                0x00000000        0x0 c:/program files (x86)/atmel/atmel toolchain/avr8 gcc/native/3.4.1061/avr8-gnu-toolchain/bin/../lib/gcc/avr/4.8.1/avr5\libgcc.a(_udivmodhi4.o)
 .text.libgcc   0x00000000        0x0 c:/program files (x86)/atmel/atmel toolchain/avr8 gcc/native/3.4.1061/avr8-gnu-toolchain/bin/../lib/gcc/avr/4.8.1/avr5\libgcc.a(_udivmodhi4.o)
 .text.libgcc.prologue
                0x00000000        0x0 c:/program files (x86)/atmel/atmel toolchain/avr8 gcc/native/3.4.1061/avr8-gnu-toolchain/bin/../lib/gcc/avr/4.8.1/avr5\libgcc.a(_udivmodhi4.o)
 .text.libgcc.builtins
                0x00000000        0x0 c:/program files (x86)/atmel/atmel toolchain/avr8 gcc/native/3.4.1061/avr8-gnu-toolchain/bin/../lib/gcc/avr/4.8.1/avr5\libgcc.a(_udivmodhi4.o)
 .text.libgcc.fmul
                0x00000000        0x0 c:/program files (x86)/atmel/atmel toolchain/avr8 gcc/native/3.4.1061/avr8-gnu-toolchain/bin/../lib/gcc/avr/4.8.1/avr5\libgcc.a(_udivmodhi4.o)
 .text.libgcc.fixed
                0x00000000        0x0 c:/program files (x86)/atmel/atmel toolchain/avr8 gcc/native/3.4.1061/avr8-gnu-toolchain/bin/../lib/gcc/avr/4.8.1/avr5\libgcc.a(_udivmodhi4.o)
 .text          0x00000000        0x0 c:/program files (x86)/atmel/atmel toolchain/avr8 gcc/native/3.4.1061/avr8-gnu-toolchain/bin/../lib/gcc/avr/4.8.1/../../../../avr/lib/avr5\libc.a(fdevopen.o)
 .data          0x00000000        0x0 c:/program files (x86)/atmel/atmel toolchain/avr8 gcc/native/3.4.1061/avr8-gnu-toolchain/bin/../lib/gcc/avr/4.8.1/../../../../avr/lib/avr5\libc.a(fdevopen.o)
 .bss           0x00000000        0x0 c:/program files (x86)/atmel/atmel toolchain/avr8 gcc/native/3.4.1061/avr8-gnu-toolchain/bin/../lib/gcc/avr/4.8.1/../../../../avr/lib/avr5\libc.a(fdevopen.o)
 .text          0x00000000        0x0 c:/program files (x86)/atmel/atmel toolchain/avr8 gcc/native/3.4.1061/avr8-gnu-toolchain/bin/../lib/gcc/avr/4.8.1/../../../../avr/lib/avr5\libc.a(iob.o)
 .data          0x00000000        0x0 c:/program files (x86)/atmel/atmel toolchain/avr8 gcc/native/3.4.1061/avr8-gnu-toolchain/bin/../lib/gcc/avr/4.8.1/../../../../avr/lib/avr5\libc.a(iob.o)
 .bss           0x00000000        0x0 c:/program files (x86)/atmel/atmel toolchain/avr8 gcc/native/3.4.1061/avr8-gnu-toolchain/bin/../lib/gcc/avr/4.8.1/../../../../avr/lib/avr5\libc.a(iob.o)
 .text          0x00000000        0x0 c:/program files (x86)/atmel/atmel toolchain/avr8 gcc/native/3.4.1061/avr8-gnu-toolchain/bin/../lib/gcc/avr/4.8.1/../../../../avr/lib/avr5\libc.a(printf.o)
 .data          0x00000000        0x0 c:/program files (x86)/atmel/atmel toolchain/avr8 gcc/native/3.4.1061/avr8-gnu-toolchain/bin/../lib/gcc/avr/4.8.1/../../../../avr/lib/avr5\libc.a(printf.o)
 .bss           0x00000000        0x0 c:/program files (x86)/atmel/atmel toolchain/avr8 gcc/native/3.4.1061/avr8-gnu-toolchain/bin/../lib/gcc/avr/4.8.1/../../../../avr/lib/avr5\libc.a(printf.o)
 .text.avr-libc
                0x00000000       0x28 c:/program files (x86)/atmel/atmel toolchain/avr8 gcc/native/3.4.1061/avr8-gnu-toolchain/bin/../lib/gcc/avr/4.8.1/../../../../avr/lib/avr5\libc.a(printf.o)
 .comment       0x00000000       0x31 c:/program files (x86)/atmel/atmel toolchain/avr8 gcc/native/3.4.1061/avr8-gnu-toolchain/bin/../lib/gcc/avr/4.8.1/../../../../avr/lib/avr5\libc.a(printf.o)
 .text          0x00000000        0x0 c:/program files (x86)/atmel/atmel toolchain/avr8 gcc/native/3.4.1061/avr8-gnu-toolchain/bin/../lib/gcc/avr/4.8.1/../../../../avr/lib/avr5\libc.a(sprintf.o)
 .data          0x00000000        0x0 c:/program files (x86)/atmel/atmel toolchain/avr8 gcc/native/3.4.1061/avr8-gnu-toolchain/bin/../lib/gcc/avr/4.8.1/../../../../avr/lib/avr5\libc.a(sprintf.o)
 .bss           0x00000000        0x0 c:/program files (x86)/atmel/atmel toolchain/avr8 gcc/native/3.4.1061/avr8-gnu-toolchain/bin/../lib/gcc/avr/4.8.1/../../../../avr/lib/avr5\libc.a(sprintf.o)
 .text          0x00000000        0x0 c:/program files (x86)/atmel/atmel toolchain/avr8 gcc/native/3.4.1061/avr8-gnu-toolchain/bin/../lib/gcc/avr/4.8.1/../../../../avr/lib/avr5\libc.a(vfprintf_std.o)
 .data          0x00000000        0x0 c:/program files (x86)/atmel/atmel toolchain/avr8 gcc/native/3.4.1061/avr8-gnu-toolchain/bin/../lib/gcc/avr/4.8.1/../../../../avr/lib/avr5\libc.a(vfprintf_std.o)
 .bss           0x00000000        0x0 c:/program files (x86)/atmel/atmel toolchain/avr8 gcc/native/3.4.1061/avr8-gnu-toolchain/bin/../lib/gcc/avr/4.8.1/../../../../avr/lib/avr5\libc.a(vfprintf_std.o)
 .text          0x00000000        0x0 c:/program files (x86)/atmel/atmel toolchain/avr8 gcc/native/3.4.1061/avr8-gnu-toolchain/bin/../lib/gcc/avr/4.8.1/../../../../avr/lib/avr5\libc.a(calloc.o)
 .data          0x00000000        0x0 c:/program files (x86)/atmel/atmel toolchain/avr8 gcc/native/3.4.1061/avr8-gnu-toolchain/bin/../lib/gcc/avr/4.8.1/../../../../avr/lib/avr5\libc.a(calloc.o)
 .bss           0x00000000        0x0 c:/program files (x86)/atmel/atmel toolchain/avr8 gcc/native/3.4.1061/avr8-gnu-toolchain/bin/../lib/gcc/avr/4.8.1/../../../../avr/lib/avr5\libc.a(calloc.o)
 .text          0x00000000        0x0 c:/program files (x86)/atmel/atmel toolchain/avr8 gcc/native/3.4.1061/avr8-gnu-toolchain/bin/../lib/gcc/avr/4.8.1/../../../../avr/lib/avr5\libc.a(malloc.o)
 .bss           0x00000000        0x0 c:/program files (x86)/atmel/atmel toolchain/avr8 gcc/native/3.4.1061/avr8-gnu-toolchain/bin/../lib/gcc/avr/4.8.1/../../../../avr/lib/avr5\libc.a(malloc.o)
 .text          0x00000000        0x0 c:/program files (x86)/atmel/atmel toolchain/avr8 gcc/native/3.4.1061/avr8-gnu-toolchain/bin/../lib/gcc/avr/4.8.1/../../../../avr/lib/avr5\libc.a(strnlen_P.o)
 .data          0x00000000        0x0 c:/program files (x86)/atmel/atmel toolchain/avr8 gcc/native/3.4.1061/avr8-gnu-toolchain/bin/../lib/gcc/avr/4.8.1/../../../../avr/lib/avr5\libc.a(strnlen_P.o)
 .bss           0x00000000        0x0 c:/program files (x86)/atmel/atmel toolchain/avr8 gcc/native/3.4.1061/avr8-gnu-toolchain/bin/../lib/gcc/avr/4.8.1/../../../../avr/lib/avr5\libc.a(strnlen_P.o)
 .text          0x00000000        0x0 c:/program files (x86)/atmel/atmel toolchain/avr8 gcc/native/3.4.1061/avr8-gnu-toolchain/bin/../lib/gcc/avr/4.8.1/../../../../avr/lib/avr5\libc.a(memset.o)
 .data          0x00000000        0x0 c:/program files (x86)/atmel/atmel toolchain/avr8 gcc/native/3.4.1061/avr8-gnu-toolchain/bin/../lib/gcc/avr/4.8.1/../../../../avr/lib/avr5\libc.a(memset.o)
 .bss           0x00000000        0x0 c:/program files (x86)/atmel/atmel toolchain/avr8 gcc/native/3.4.1061/avr8-gnu-toolchain/bin/../lib/gcc/avr/4.8.1/../../../../avr/lib/avr5\libc.a(memset.o)
 .text          0x00000000        0x0 c:/program files (x86)/atmel/atmel toolchain/avr8 gcc/native/3.4.1061/avr8-gnu-toolchain/bin/../lib/gcc/avr/4.8.1/../../../../avr/lib/avr5\libc.a(strnlen.o)
 .data          0x00000000        0x0 c:/program files (x86)/atmel/atmel toolchain/avr8 gcc/native/3.4.1061/avr8-gnu-toolchain/bin/../lib/gcc/avr/4.8.1/../../../../avr/lib/avr5\libc.a(strnlen.o)
 .bss           0x00000000        0x0 c:/program files (x86)/atmel/atmel toolchain/avr8 gcc/native/3.4.1061/avr8-gnu-toolchain/bin/../lib/gcc/avr/4.8.1/../../../../avr/lib/avr5\libc.a(strnlen.o)
 .text          0x00000000        0x0 c:/program files (x86)/atmel/atmel toolchain/avr8 gcc/native/3.4.1061/avr8-gnu-toolchain/bin/../lib/gcc/avr/4.8.1/../../../../avr/lib/avr5\libc.a(fputc.o)
 .data          0x00000000        0x0 c:/program files (x86)/atmel/atmel toolchain/avr8 gcc/native/3.4.1061/avr8-gnu-toolchain/bin/../lib/gcc/avr/4.8.1/../../../../avr/lib/avr5\libc.a(fputc.o)
 .bss           0x00000000        0x0 c:/program files (x86)/atmel/atmel toolchain/avr8 gcc/native/3.4.1061/avr8-gnu-toolchain/bin/../lib/gcc/avr/4.8.1/../../../../avr/lib/avr5\libc.a(fputc.o)
 .text          0x00000000        0x0 c:/program files (x86)/atmel/atmel toolchain/avr8 gcc/native/3.4.1061/avr8-gnu-toolchain/bin/../lib/gcc/avr/4.8.1/../../../../avr/lib/avr5\libc.a(ultoa_invert.o)
 .data          0x00000000        0x0 c:/program files (x86)/atmel/atmel toolchain/avr8 gcc/native/3.4.1061/avr8-gnu-toolchain/bin/../lib/gcc/avr/4.8.1/../../../../avr/lib/avr5\libc.a(ultoa_invert.o)
 .bss           0x00000000        0x0 c:/program files (x86)/atmel/atmel toolchain/avr8 gcc/native/3.4.1061/avr8-gnu-toolchain/bin/../lib/gcc/avr/4.8.1/../../../../avr/lib/avr5\libc.a(ultoa_invert.o)
 .text          0x00000000        0x0 c:/program files (x86)/atmel/atmel toolchain/avr8 gcc/native/3.4.1061/avr8-gnu-toolchain/bin/../lib/gcc/avr/4.8.1/avr5\libgcc.a(_prologue.o)
 .data          0x00000000        0x0 c:/program files (x86)/atmel/atmel toolchain/avr8 gcc/native/3.4.1061/avr8-gnu-toolchain/bin/../lib/gcc/avr/4.8.1/avr5\libgcc.a(_prologue.o)
 .bss           0x00000000        0x0 c:/program files (x86)/atmel/atmel toolchain/avr8 gcc/native/3.4.1061/avr8-gnu-toolchain/bin/../lib/gcc/avr/4.8.1/avr5\libgcc.a(_prologue.o)
 .text.libgcc.mul
                0x00000000        0x0 c:/program files (x86)/atmel/atmel toolchain/avr8 gcc/native/3.4.1061/avr8-gnu-toolchain/bin/../lib/gcc/avr/4.8.1/avr5\libgcc.a(_prologue.o)
 .text.libgcc.div
                0x00000000        0x0 c:/program files (x86)/atmel/atmel toolchain/avr8 gcc/native/3.4.1061/avr8-gnu-toolchain/bin/../lib/gcc/avr/4.8.1/avr5\libgcc.a(_prologue.o)
 .text.libgcc   0x00000000        0x0 c:/program files (x86)/atmel/atmel toolchain/avr8 gcc/native/3.4.1061/avr8-gnu-toolchain/bin/../lib/gcc/avr/4.8.1/avr5\libgcc.a(_prologue.o)
 .text.libgcc.builtins
                0x00000000        0x0 c:/program files (x86)/atmel/atmel toolchain/avr8 gcc/native/3.4.1061/avr8-gnu-toolchain/bin/../lib/gcc/avr/4.8.1/avr5\libgcc.a(_prologue.o)
 .text.libgcc.fmul
                0x00000000        0x0 c:/program files (x86)/atmel/atmel toolchain/avr8 gcc/native/3.4.1061/avr8-gnu-toolchain/bin/../lib/gcc/avr/4.8.1/avr5\libgcc.a(_prologue.o)
 .text.libgcc.fixed
                0x00000000        0x0 c:/program files (x86)/atmel/atmel toolchain/avr8 gcc/native/3.4.1061/avr8-gnu-toolchain/bin/../lib/gcc/avr/4.8.1/avr5\libgcc.a(_prologue.o)
 .text          0x00000000        0x0 c:/program files (x86)/atmel/atmel toolchain/avr8 gcc/native/3.4.1061/avr8-gnu-toolchain/bin/../lib/gcc/avr/4.8.1/avr5\libgcc.a(_epilogue.o)
 .data          0x00000000        0x0 c:/program files (x86)/atmel/atmel toolchain/avr8 gcc/native/3.4.1061/avr8-gnu-toolchain/bin/../lib/gcc/avr/4.8.1/avr5\libgcc.a(_epilogue.o)
 .bss           0x00000000        0x0 c:/program files (x86)/atmel/atmel toolchain/avr8 gcc/native/3.4.1061/avr8-gnu-toolchain/bin/../lib/gcc/avr/4.8.1/avr5\libgcc.a(_epilogue.o)
 .text.libgcc.mul
                0x00000000        0x0 c:/program files (x86)/atmel/atmel toolchain/avr8 gcc/native/3.4.1061/avr8-gnu-toolchain/bin/../lib/gcc/avr/4.8.1/avr5\libgcc.a(_epilogue.o)
 .text.libgcc.div
                0x00000000        0x0 c:/program files (x86)/atmel/atmel toolchain/avr8 gcc/native/3.4.1061/avr8-gnu-toolchain/bin/../lib/gcc/avr/4.8.1/avr5\libgcc.a(_epilogue.o)
 .text.libgcc   0x00000000        0x0 c:/program files (x86)/atmel/atmel toolchain/avr8 gcc/native/3.4.1061/avr8-gnu-toolchain/bin/../lib/gcc/avr/4.8.1/avr5\libgcc.a(_epilogue.o)
 .text.libgcc.builtins
                0x00000000        0x0 c:/program files (x86)/atmel/atmel toolchain/avr8 gcc/native/3.4.1061/avr8-gnu-toolchain/bin/../lib/gcc/avr/4.8.1/avr5\libgcc.a(_epilogue.o)
 .text.libgcc.fmul
                0x00000000        0x0 c:/program files (x86)/atmel/atmel toolchain/avr8 gcc/native/3.4.1061/avr8-gnu-toolchain/bin/../lib/gcc/avr/4.8.1/avr5\libgcc.a(_epilogue.o)
 .text.libgcc.fixed
                0x00000000        0x0 c:/program files (x86)/atmel/atmel toolchain/avr8 gcc/native/3.4.1061/avr8-gnu-toolchain/bin/../lib/gcc/avr/4.8.1/avr5\libgcc.a(_epilogue.o)

Memory Configuration

Name             Origin             Length             Attributes
text             0x00000000         0x00020000         xr
data             0x00800060         0x0000ffa0         rw !x
eeprom           0x00810000         0x00010000         rw !x
fuse             0x00820000         0x00000400         rw !x
lock             0x00830000         0x00000400         rw !x
signature        0x00840000         0x00000400         rw !x
user_signatures  0x00850000         0x00000400         rw !x
*default*        0x00000000         0xffffffff

Linker script and memory map

Address of section .data set to 0x800100
LOAD c:/program files (x86)/atmel/atmel toolchain/avr8 gcc/native/3.4.1061/avr8-gnu-toolchain/bin/../lib/gcc/avr/4.8.1/../../../../avr/lib/avr5/crtm162.o
LOAD Node_1/ADC.o
LOAD Node_1/buzzer.o
LOAD Node_1/CAN.o
LOAD Node_1/EEPROM.o
LOAD Node_1/game.o
LOAD Node_1/joystick.o
LOAD Node_1/main.o
LOAD Node_1/MCPdriver.o
LOAD Node_1/menu.o
LOAD Node_1/OLEDdriver.o
LOAD Node_1/SPI.o
LOAD Node_1/SRAM_test.o
LOAD Node_1/UARTdriver.o
START GROUP
LOAD c:/program files (x86)/atmel/atmel toolchain/avr8 gcc/native/3.4.1061/avr8-gnu-toolchain/bin/../lib/gcc/avr/4.8.1/../../../../avr/lib/avr5\libm.a
END GROUP
START GROUP
LOAD c:/program files (x86)/atmel/atmel toolchain/avr8 gcc/native/3.4.1061/avr8-gnu-toolchain/bin/../lib/gcc/avr/4.8.1/avr5\libgcc.a
LOAD c:/program files (x86)/atmel/atmel toolchain/avr8 gcc/native/3.4.1061/avr8-gnu-toolchain/bin/../lib/gcc/avr/4.8.1/../../../../avr/lib/avr5\libm.a
LOAD c:/program files (x86)/atmel/atmel toolchain/avr8 gcc/native/3.4.1061/avr8-gnu-toolchain/bin/../lib/gcc/avr/4.8.1/../../../../avr/lib/avr5\libc.a
END GROUP

.hash
 *(.hash)

.dynsym
 *(.dynsym)

.dynstr
 *(.dynstr)

.gnu.version
 *(.gnu.version)

.gnu.version_d
 *(.gnu.version_d)

.gnu.version_r
 *(.gnu.version_r)

.rel.init
 *(.rel.init)

.rela.init
 *(.rela.init)

.rel.text
 *(.rel.text)
 *(.rel.text.*)
 *(.rel.gnu.linkonce.t*)

.rela.text
 *(.rela.text)
 *(.rela.text.*)
 *(.rela.gnu.linkonce.t*)

.rel.fini
 *(.rel.fini)

.rela.fini
 *(.rela.fini)

.rel.rodata
 *(.rel.rodata)
 *(.rel.rodata.*)
 *(.rel.gnu.linkonce.r*)

.rela.rodata
 *(.rela.rodata)
 *(.rela.rodata.*)
 *(.rela.gnu.linkonce.r*)

.rel.data
 *(.rel.data)
 *(.rel.data.*)
 *(.rel.gnu.linkonce.d*)

.rela.data
 *(.rela.data)
 *(.rela.data.*)
 *(.rela.gnu.linkonce.d*)

.rel.ctors
 *(.rel.ctors)

.rela.ctors
 *(.rela.ctors)

.rel.dtors
 *(.rel.dtors)

.rela.dtors
 *(.rela.dtors)

.rel.got
 *(.rel.got)

.rela.got
 *(.rela.got)

.rel.bss
 *(.rel.bss)

.rela.bss
 *(.rela.bss)

.rel.plt
 *(.rel.plt)

.rela.plt
 *(.rela.plt)

.text           0x00000000     0x3e38
 *(.vectors)
 .vectors       0x00000000       0x70 c:/program files (x86)/atmel/atmel toolchain/avr8 gcc/native/3.4.1061/avr8-gnu-toolchain/bin/../lib/gcc/avr/4.8.1/../../../../avr/lib/avr5/crtm162.o
                0x00000000                __vector_default
                0x00000000                __vectors
 *(.vectors)
 *(.progmem.gcc*)
 .progmem.gcc_sw_table.MENU_selectAction
                0x00000070       0x26 Node_1/menu.o
                0x00000096                . = ALIGN (0x2)
                0x00000096                __trampolines_start = .
 *(.trampolines)
 .trampolines   0x00000096        0x0 linker stubs
 *(.trampolines*)
                0x00000096                __trampolines_end = .
 *(.progmem*)
 .progmem.data.pipe
                0x00000096       0x80 Node_1/OLEDdriver.o
                0x00000096                pipe
 .progmem.data.monster
                0x00000116       0x80 Node_1/OLEDdriver.o
                0x00000116                monster
 .progmem.data.mario
                0x00000196       0x80 Node_1/OLEDdriver.o
                0x00000196                mario
 .progmem.data.henning
                0x00000216      0x400 Node_1/OLEDdriver.o
                0x00000216                henning
 .progmem.data.credits
                0x00000616      0x400 Node_1/OLEDdriver.o
                0x00000616                credits
 .progmem.data.brage
                0x00000a16      0x400 Node_1/OLEDdriver.o
                0x00000a16                brage
 .progmem.data.tobias
                0x00000e16      0x400 Node_1/OLEDdriver.o
                0x00000e16                tobias
 .progmem.data.pig
                0x00001216      0x400 Node_1/OLEDdriver.o
                0x00001216                pig
 .progmem.data.font
                0x00001616      0x2f8 Node_1/OLEDdriver.o
                0x00001616                font
                0x0000190e                . = ALIGN (0x2)
 *(.jumptables)
 *(.jumptables*)
 *(.lowtext)
 *(.lowtext*)
                0x0000190e                __ctors_start = .
 *(.ctors)
                0x0000190e                __ctors_end = .
                0x0000190e                __dtors_start = .
 *(.dtors)
                0x0000190e                __dtors_end = .
 SORT(*)(.ctors)
 SORT(*)(.dtors)
 *(.init0)
 .init0         0x0000190e        0x0 c:/program files (x86)/atmel/atmel toolchain/avr8 gcc/native/3.4.1061/avr8-gnu-toolchain/bin/../lib/gcc/avr/4.8.1/../../../../avr/lib/avr5/crtm162.o
                0x0000190e                __init
 *(.init0)
 *(.init1)
 *(.init1)
 *(.init2)
 .init2         0x0000190e        0xc c:/program files (x86)/atmel/atmel toolchain/avr8 gcc/native/3.4.1061/avr8-gnu-toolchain/bin/../lib/gcc/avr/4.8.1/../../../../avr/lib/avr5/crtm162.o
 *(.init2)
 *(.init3)
 *(.init3)
 *(.init4)
 .init4         0x0000191a       0x16 c:/program files (x86)/atmel/atmel toolchain/avr8 gcc/native/3.4.1061/avr8-gnu-toolchain/bin/../lib/gcc/avr/4.8.1/avr5\libgcc.a(_copy_data.o)
                0x0000191a                __do_copy_data
 .init4         0x00001930       0x10 c:/program files (x86)/atmel/atmel toolchain/avr8 gcc/native/3.4.1061/avr8-gnu-toolchain/bin/../lib/gcc/avr/4.8.1/avr5\libgcc.a(_clear_bss.o)
                0x00001930                __do_clear_bss
 *(.init4)
 *(.init5)
 *(.init5)
 *(.init6)
 *(.init6)
 *(.init7)
 *(.init7)
 *(.init8)
 *(.init8)
 *(.init9)
 .init9         0x00001940        0x8 c:/program files (x86)/atmel/atmel toolchain/avr8 gcc/native/3.4.1061/avr8-gnu-toolchain/bin/../lib/gcc/avr/4.8.1/../../../../avr/lib/avr5/crtm162.o
 *(.init9)
 *(.text)
 .text          0x00001948        0x4 c:/program files (x86)/atmel/atmel toolchain/avr8 gcc/native/3.4.1061/avr8-gnu-toolchain/bin/../lib/gcc/avr/4.8.1/../../../../avr/lib/avr5/crtm162.o
                0x00001948                __vector_22
                0x00001948                __vector_1
                0x00001948                __vector_24
                0x00001948                __vector_12
                0x00001948                __bad_interrupt
                0x00001948                __vector_6
                0x00001948                __vector_3
                0x00001948                __vector_23
                0x00001948                __vector_25
                0x00001948                __vector_11
                0x00001948                __vector_13
                0x00001948                __vector_17
                0x00001948                __vector_19
                0x00001948                __vector_7
                0x00001948                __vector_27
                0x00001948                __vector_5
                0x00001948                __vector_4
                0x00001948                __vector_9
                0x00001948                __vector_2
                0x00001948                __vector_21
                0x00001948                __vector_15
                0x00001948                __vector_8
                0x00001948                __vector_26
                0x00001948                __vector_14
                0x00001948                __vector_10
                0x00001948                __vector_16
                0x00001948                __vector_18
                0x00001948                __vector_20
                0x0000194c                . = ALIGN (0x2)
 *(.text.*)
 .text.ADC_init
                0x0000194c       0x18 Node_1/ADC.o
                0x0000194c                ADC_init
 .text.ADC_read
                0x00001964       0x1c Node_1/ADC.o
                0x00001964                ADC_read
 .text.CAN_init
                0x00001980       0x10 Node_1/CAN.o
                0x00001980                CAN_init
 .text.Can_CAN_receive
                0x00001990       0x16 Node_1/CAN.o
                0x00001990                Can_CAN_receive
 .text.CAN_message_recieve
                0x000019a6       0x6e Node_1/CAN.o
                0x000019a6                CAN_message_recieve
 .text.Can_CAN_send
                0x00001a14       0x2e Node_1/CAN.o
                0x00001a14                Can_CAN_send
 .text.CAN_message_send
                0x00001a42       0x52 Node_1/CAN.o
                0x00001a42                CAN_message_send
 .text.EEPROM_write
                0x00001a94       0x10 Node_1/EEPROM.o
                0x00001a94                EEPROM_write
 .text.EEPROM_read
                0x00001aa4        0xe Node_1/EEPROM.o
                0x00001aa4                EEPROM_read
 .text.EEPROM_write_int
                0x00001ab2       0x20 Node_1/EEPROM.o
                0x00001ab2                EEPROM_write_int
 .text.EEPROM_init
                0x00001ad2       0x7a Node_1/EEPROM.o
                0x00001ad2                EEPROM_init
 .text.EEPROM_read_int
                0x00001b4c       0x2e Node_1/EEPROM.o
                0x00001b4c                EEPROM_read_int
 .text.CAN_send_game_settings
                0x00001b7a       0x42 Node_1/game.o
                0x00001b7a                CAN_send_game_settings
 .text.GAME_print_score
                0x00001bbc       0x72 Node_1/game.o
                0x00001bbc                GAME_print_score
 .text.GAME_print_finalscore
                0x00001c2e      0x106 Node_1/game.o
                0x00001c2e                GAME_print_finalscore
 .text.GAME_print_highscores
                0x00001d34       0x52 Node_1/game.o
                0x00001d34                GAME_print_highscores
 .text.GAME_start_mario_animation
                0x00001d86      0x392 Node_1/game.o
                0x00001d86                GAME_start_mario_animation
 .text.calibrate
                0x00002118       0x1e Node_1/joystick.o
                0x00002118                calibrate
 .text.getJoyPos
                0x00002136       0x64 Node_1/joystick.o
                0x00002136                getJoyPos
 .text.getSliderPos
                0x0000219a       0x1e Node_1/joystick.o
                0x0000219a                getSliderPos
 .text.joystick_init
                0x000021b8       0x5a Node_1/joystick.o
                0x000021b8                joystick_init
 .text.getJoyDir
                0x00002212       0x4e Node_1/joystick.o
                0x00002212                getJoyDir
 .text.rightButtonPressed
                0x00002260        0x6 Node_1/joystick.o
                0x00002260                rightButtonPressed
 .text.leftButtonPressed
                0x00002266        0x8 Node_1/joystick.o
                0x00002266                leftButtonPressed
 .text.joyStickButtonPressed
                0x0000226e        0xe Node_1/joystick.o
                0x0000226e                joyStickButtonPressed
 .text.IO_send_CAN
                0x0000227c       0x5c Node_1/joystick.o
                0x0000227c                IO_send_CAN
 .text.main     0x000022d8      0x16e Node_1/main.o
                0x000022d8                main
 .text.MCP2515_read
                0x00002446       0x28 Node_1/MCPdriver.o
                0x00002446                MCP2515_read
 .text.MCP2515_write
                0x0000246e       0x2c Node_1/MCPdriver.o
                0x0000246e                MCP2515_write
 .text.MCP2515_requestToSend
                0x0000249a       0x44 Node_1/MCPdriver.o
                0x0000249a                MCP2515_requestToSend
 .text.MCP2515_bitModify
                0x000024de       0x38 Node_1/MCPdriver.o
                0x000024de                MCP2515_bitModify
 .text.MCP2515_reset
                0x00002516       0x14 Node_1/MCPdriver.o
                0x00002516                MCP2515_reset
 .text.MCP2515_init
                0x0000252a        0xa Node_1/MCPdriver.o
                0x0000252a                MCP2515_init
 .text.MENU_init_menu
                0x00002534      0x41e Node_1/menu.o
                0x00002534                MENU_init_menu
 .text.MENU_print_menu
                0x00002952       0x86 Node_1/menu.o
                0x00002952                MENU_print_menu
 .text.MENU_selectLine
                0x000029d8        0xe Node_1/menu.o
                0x000029d8                MENU_selectLine
 .text.MENU_clearLine
                0x000029e6        0xc Node_1/menu.o
                0x000029e6                MENU_clearLine
 .text.MENU_goto_parent_menu
                0x000029f2       0x2a Node_1/menu.o
                0x000029f2                MENU_goto_parent_menu
 .text.MENU_navigate
                0x00002a1c       0xa2 Node_1/menu.o
                0x00002a1c                MENU_navigate
 .text.MENU_goto_main_menu
                0x00002abe       0x26 Node_1/menu.o
                0x00002abe                MENU_goto_main_menu
 .text.MENU_selectAction
                0x00002ae4      0x124 Node_1/menu.o
                0x00002ae4                MENU_selectAction
 .text.OLED_write_data
                0x00002c08        0xc Node_1/OLEDdriver.o
                0x00002c08                OLED_write_data
 .text.OLED_clear_char
                0x00002c14       0x16 Node_1/OLEDdriver.o
                0x00002c14                OLED_clear_char
 .text.OLED_fill_char
                0x00002c2a       0x18 Node_1/OLEDdriver.o
                0x00002c2a                OLED_fill_char
 .text.OLED_print_char
                0x00002c42       0x36 Node_1/OLEDdriver.o
                0x00002c42                OLED_print_char
 .text.OLED_goto_page
                0x00002c78       0x12 Node_1/OLEDdriver.o
                0x00002c78                OLED_goto_page
 .text.OLED_goto_column
                0x00002c8a       0x40 Node_1/OLEDdriver.o
                0x00002c8a                OLED_goto_column
 .text.OLED_go_to_pos
                0x00002cca       0x14 Node_1/OLEDdriver.o
                0x00002cca                OLED_go_to_pos
 .text.OLED_home
                0x00002cde        0xa Node_1/OLEDdriver.o
                0x00002cde                OLED_home
 .text.OLED_print_sentence
                0x00002ce8       0x6a Node_1/OLEDdriver.o
                0x00002ce8                OLED_print_sentence
 .text.OLED_print_int
                0x00002d52       0x5a Node_1/OLEDdriver.o
                0x00002d52                OLED_print_int
 .text.OLED_reset
                0x00002dac       0x48 Node_1/OLEDdriver.o
                0x00002dac                OLED_reset
 .text.OLED_init
                0x00002df4      0x10c Node_1/OLEDdriver.o
                0x00002df4                OLED_init
 .text.OLED_print_score
                0x00002f00       0x46 Node_1/OLEDdriver.o
                0x00002f00                OLED_print_score
 .text.OLED_print_brage
                0x00002f46       0x86 Node_1/OLEDdriver.o
                0x00002f46                OLED_print_brage
 .text.OLED_print_tobias
                0x00002fcc       0x86 Node_1/OLEDdriver.o
                0x00002fcc                OLED_print_tobias
 .text.OLED_print_henning
                0x00003052       0x86 Node_1/OLEDdriver.o
                0x00003052                OLED_print_henning
 .text.OLED_print_mario
                0x000030d8       0x9a Node_1/OLEDdriver.o
                0x000030d8                OLED_print_mario
 .text.OLED_print_pipe
                0x00003172       0x9a Node_1/OLEDdriver.o
                0x00003172                OLED_print_pipe
 .text.OLED_print_monster
                0x0000320c       0x9a Node_1/OLEDdriver.o
                0x0000320c                OLED_print_monster
 .text.OLED_print_floor
                0x000032a6       0x22 Node_1/OLEDdriver.o
                0x000032a6                OLED_print_floor
 .text.OLED_fill_screen
                0x000032c8       0x4e Node_1/OLEDdriver.o
                0x000032c8                OLED_fill_screen
 .text.OLED_print_credits
                0x00003316       0x7e Node_1/OLEDdriver.o
                0x00003316                OLED_print_credits
 .text.OLED_credits
                0x00003394       0x5a Node_1/OLEDdriver.o
                0x00003394                OLED_credits
 .text.OLED_print_pig
                0x000033ee       0x86 Node_1/OLEDdriver.o
                0x000033ee                OLED_print_pig
 .text.OLED_clear_mario
                0x00003474       0x3e Node_1/OLEDdriver.o
                0x00003474                OLED_clear_mario
 .text.SPI_write
                0x000034b2        0x8 Node_1/SPI.o
                0x000034b2                SPI_write
 .text.SPI_read
                0x000034ba        0xa Node_1/SPI.o
                0x000034ba                SPI_read
 .text.SPI_init
                0x000034c4       0x10 Node_1/SPI.o
                0x000034c4                SPI_init
 .text.SPI_chipSelect
                0x000034d4        0xc Node_1/SPI.o
                0x000034d4                SPI_chipSelect
 .text.USART_receive
                0x000034e0        0x8 Node_1/UARTdriver.o
                0x000034e0                USART_receive
 .text.USART_transmit
                0x000034e8        0x8 Node_1/UARTdriver.o
                0x000034e8                USART_transmit
 .text.USART_init
                0x000034f0       0x1c Node_1/UARTdriver.o
                0x000034f0                USART_init
 .text.libgcc.div
                0x0000350c       0x28 c:/program files (x86)/atmel/atmel toolchain/avr8 gcc/native/3.4.1061/avr8-gnu-toolchain/bin/../lib/gcc/avr/4.8.1/avr5\libgcc.a(_divmodhi4.o)
                0x0000350c                _div
                0x0000350c                __divmodhi4
 .text.libgcc   0x00003534        0xc c:/program files (x86)/atmel/atmel toolchain/avr8 gcc/native/3.4.1061/avr8-gnu-toolchain/bin/../lib/gcc/avr/4.8.1/avr5\libgcc.a(_tablejump.o)
                0x00003534                __tablejump2__
                0x00003538                __tablejump__
 .text.libgcc.div
                0x00003540       0x28 c:/program files (x86)/atmel/atmel toolchain/avr8 gcc/native/3.4.1061/avr8-gnu-toolchain/bin/../lib/gcc/avr/4.8.1/avr5\libgcc.a(_udivmodhi4.o)
                0x00003540                __udivmodhi4
 .text.avr-libc
                0x00003568       0x96 c:/program files (x86)/atmel/atmel toolchain/avr8 gcc/native/3.4.1061/avr8-gnu-toolchain/bin/../lib/gcc/avr/4.8.1/../../../../avr/lib/avr5\libc.a(fdevopen.o)
                0x00003568                fdevopen
 .text.avr-libc
                0x000035fe       0x44 c:/program files (x86)/atmel/atmel toolchain/avr8 gcc/native/3.4.1061/avr8-gnu-toolchain/bin/../lib/gcc/avr/4.8.1/../../../../avr/lib/avr5\libc.a(sprintf.o)
                0x000035fe                sprintf
 .text.avr-libc
                0x00003642      0x3a4 c:/program files (x86)/atmel/atmel toolchain/avr8 gcc/native/3.4.1061/avr8-gnu-toolchain/bin/../lib/gcc/avr/4.8.1/../../../../avr/lib/avr5\libc.a(vfprintf_std.o)
                0x00003642                vfprintf
 .text.avr-libc
                0x000039e6       0x38 c:/program files (x86)/atmel/atmel toolchain/avr8 gcc/native/3.4.1061/avr8-gnu-toolchain/bin/../lib/gcc/avr/4.8.1/../../../../avr/lib/avr5\libc.a(calloc.o)
                0x000039e6                calloc
 .text.avr-libc
                0x00003a1e      0x24e c:/program files (x86)/atmel/atmel toolchain/avr8 gcc/native/3.4.1061/avr8-gnu-toolchain/bin/../lib/gcc/avr/4.8.1/../../../../avr/lib/avr5\libc.a(malloc.o)
                0x00003a1e                malloc
                0x00003b4e                free
 .text.avr-libc
                0x00003c6c       0x16 c:/program files (x86)/atmel/atmel toolchain/avr8 gcc/native/3.4.1061/avr8-gnu-toolchain/bin/../lib/gcc/avr/4.8.1/../../../../avr/lib/avr5\libc.a(strnlen_P.o)
                0x00003c6c                strnlen_P
 .text.avr-libc
                0x00003c82        0xe c:/program files (x86)/atmel/atmel toolchain/avr8 gcc/native/3.4.1061/avr8-gnu-toolchain/bin/../lib/gcc/avr/4.8.1/../../../../avr/lib/avr5\libc.a(memset.o)
                0x00003c82                memset
 .text.avr-libc
                0x00003c90       0x16 c:/program files (x86)/atmel/atmel toolchain/avr8 gcc/native/3.4.1061/avr8-gnu-toolchain/bin/../lib/gcc/avr/4.8.1/../../../../avr/lib/avr5\libc.a(strnlen.o)
                0x00003c90                strnlen
 .text.avr-libc
                0x00003ca6       0x64 c:/program files (x86)/atmel/atmel toolchain/avr8 gcc/native/3.4.1061/avr8-gnu-toolchain/bin/../lib/gcc/avr/4.8.1/../../../../avr/lib/avr5\libc.a(fputc.o)
                0x00003ca6                fputc
 .text.avr-libc
                0x00003d0a       0xbc c:/program files (x86)/atmel/atmel toolchain/avr8 gcc/native/3.4.1061/avr8-gnu-toolchain/bin/../lib/gcc/avr/4.8.1/../../../../avr/lib/avr5\libc.a(ultoa_invert.o)
                0x00003d0a                __ultoa_invert
 .text.libgcc.prologue
                0x00003dc6       0x38 c:/program files (x86)/atmel/atmel toolchain/avr8 gcc/native/3.4.1061/avr8-gnu-toolchain/bin/../lib/gcc/avr/4.8.1/avr5\libgcc.a(_prologue.o)
                0x00003dc6                __prologue_saves__
 .text.libgcc.prologue
                0x00003dfe       0x36 c:/program files (x86)/atmel/atmel toolchain/avr8 gcc/native/3.4.1061/avr8-gnu-toolchain/bin/../lib/gcc/avr/4.8.1/avr5\libgcc.a(_epilogue.o)
                0x00003dfe                __epilogue_restores__
                0x00003e34                . = ALIGN (0x2)
 *(.fini9)
 .fini9         0x00003e34        0x0 c:/program files (x86)/atmel/atmel toolchain/avr8 gcc/native/3.4.1061/avr8-gnu-toolchain/bin/../lib/gcc/avr/4.8.1/avr5\libgcc.a(_exit.o)
                0x00003e34                _exit
                0x00003e34                exit
 *(.fini9)
 *(.fini8)
 *(.fini8)
 *(.fini7)
 *(.fini7)
 *(.fini6)
 *(.fini6)
 *(.fini5)
 *(.fini5)
 *(.fini4)
 *(.fini4)
 *(.fini3)
 *(.fini3)
 *(.fini2)
 *(.fini2)
 *(.fini1)
 *(.fini1)
 *(.fini0)
 .fini0         0x00003e34        0x4 c:/program files (x86)/atmel/atmel toolchain/avr8 gcc/native/3.4.1061/avr8-gnu-toolchain/bin/../lib/gcc/avr/4.8.1/avr5\libgcc.a(_exit.o)
 *(.fini0)
                0x00003e38                _etext = .

.data           0x00800100      0x138 load address 0x00003e38
                0x00800100                PROVIDE (__data_start, .)
 *(.data)
 .data          0x00800100        0x6 c:/program files (x86)/atmel/atmel toolchain/avr8 gcc/native/3.4.1061/avr8-gnu-toolchain/bin/../lib/gcc/avr/4.8.1/../../../../avr/lib/avr5\libc.a(malloc.o)
                0x00800100                __malloc_heap_end
                0x00800102                __malloc_heap_start
                0x00800104                __malloc_margin
 *(.data*)
 .data.ADC      0x00800106        0x2 Node_1/ADC.o
                0x00800106                ADC
 .data.oled_data
                0x00800108        0x2 Node_1/OLEDdriver.o
                0x00800108                oled_data
 .data.oled_cmd
                0x0080010a        0x2 Node_1/OLEDdriver.o
                0x0080010a                oled_cmd
 *(.rodata)
 *(.rodata*)
 .rodata.str1.1
                0x0080010c       0x3a Node_1/game.o
 .rodata.str1.1
                0x00800146       0x1f Node_1/main.o
 .rodata.str1.1
                0x00800165       0xb0 Node_1/menu.o
                                 0xbe (size before relaxing)
 .rodata.str1.1
                0x00800215       0x23 Node_1/OLEDdriver.o
                                 0x26 (size before relaxing)
 *(.gnu.linkonce.d*)
                0x00800238                . = ALIGN (0x2)
                0x00800238                _edata = .
                0x00800238                PROVIDE (__data_end, .)

.bss            0x00800238      0x18b
                0x00800238                PROVIDE (__bss_start, .)
 *(.bss)
 *(.bss*)
 .bss.resetHighscore
                0x00800238       0x12 Node_1/menu.o
 .bss.Inverted  0x0080024a       0x12 Node_1/menu.o
 .bss.NonInverted
                0x0080025c       0x12 Node_1/menu.o
 .bss.SolenoidToggleAuto
                0x0080026e       0x12 Node_1/menu.o
 .bss.SolenoidSemi
                0x00800280       0x12 Node_1/menu.o
 .bss.SolenoidAuto
                0x00800292       0x12 Node_1/menu.o
 .bss.InvertedMode
                0x008002a4       0x12 Node_1/menu.o
 .bss.SolenoidMode
                0x008002b6       0x12 Node_1/menu.o
 .bss.Mario     0x008002c8       0x12 Node_1/menu.o
 .bss.PositionController
                0x008002da       0x12 Node_1/menu.o
 .bss.SpeedController
                0x008002ec       0x12 Node_1/menu.o
 .bss.Controller
                0x008002fe       0x12 Node_1/menu.o
 .bss.Credits   0x00800310       0x12 Node_1/menu.o
 .bss.hardGame  0x00800322       0x12 Node_1/menu.o
 .bss.normalGame
                0x00800334       0x12 Node_1/menu.o
 .bss.easyGame  0x00800346       0x12 Node_1/menu.o
 .bss.currentMenu
                0x00800358       0x12 Node_1/menu.o
 .bss.Options   0x0080036a       0x12 Node_1/menu.o
 .bss.HighScores
                0x0080037c       0x12 Node_1/menu.o
 .bss.newGame   0x0080038e       0x12 Node_1/menu.o
 .bss.main      0x008003a0       0x12 Node_1/menu.o
 *(COMMON)
 COMMON         0x008003b2        0x4 Node_1/joystick.o
                0x008003b2                initialPosition
 COMMON         0x008003b6        0x1 Node_1/menu.o
                0x008003b6                markerPage
 COMMON         0x008003b7        0x2 Node_1/OLEDdriver.o
                0x008003b7                col
                0x008003b8                page
 COMMON         0x008003b9        0x6 c:/program files (x86)/atmel/atmel toolchain/avr8 gcc/native/3.4.1061/avr8-gnu-toolchain/bin/../lib/gcc/avr/4.8.1/../../../../avr/lib/avr5\libc.a(iob.o)
                0x008003b9                __iob
 COMMON         0x008003bf        0x4 c:/program files (x86)/atmel/atmel toolchain/avr8 gcc/native/3.4.1061/avr8-gnu-toolchain/bin/../lib/gcc/avr/4.8.1/../../../../avr/lib/avr5\libc.a(malloc.o)
                0x008003bf                __brkval
                0x008003c1                __flp
                0x008003c3                PROVIDE (__bss_end, .)
                0x00003e38                __data_load_start = LOADADDR (.data)
                0x00003f70                __data_load_end = (__data_load_start + SIZEOF (.data))

.noinit         0x008003c3        0x0
                0x008003c3                PROVIDE (__noinit_start, .)
 *(.noinit*)
                0x008003c3                PROVIDE (__noinit_end, .)
                0x008003c3                _end = .
                0x008003c3                PROVIDE (__heap_start, .)

.eeprom         0x00810000        0x0
 *(.eeprom*)
                0x00810000                __eeprom_end = .

.fuse
 *(.fuse)
 *(.lfuse)
 *(.hfuse)
 *(.efuse)

.lock
 *(.lock*)

.signature
 *(.signature*)

.user_signatures
 *(.user_signatures*)

.stab
 *(.stab)

.stabstr
 *(.stabstr)

.stab.excl
 *(.stab.excl)

.stab.exclstr
 *(.stab.exclstr)

.stab.index
 *(.stab.index)

.stab.indexstr
 *(.stab.indexstr)

.comment        0x00000000       0x5c
 *(.comment)
 .comment       0x00000000       0x30 Node_1/ADC.o
                                 0x31 (size before relaxing)
 .comment       0x00000000       0x31 Node_1/CAN.o
 .comment       0x00000000       0x31 Node_1/EEPROM.o
 .comment       0x00000000       0x31 Node_1/game.o
 .comment       0x00000000       0x31 Node_1/joystick.o
 .comment       0x00000000       0x31 Node_1/main.o
 .comment       0x00000000       0x31 Node_1/MCPdriver.o
 .comment       0x00000000       0x31 Node_1/menu.o
 .comment       0x00000000       0x31 Node_1/OLEDdriver.o
 .comment       0x00000000       0x31 Node_1/SPI.o
 .comment       0x00000000       0x31 Node_1/UARTdriver.o
 .comment       0x00000000       0x31 c:/program files (x86)/atmel/atmel toolchain/avr8 gcc/native/3.4.1061/avr8-gnu-toolchain/bin/../lib/gcc/avr/4.8.1/../../../../avr/lib/avr5\libc.a(fdevopen.o)
 .comment       0x00000000       0x31 c:/program files (x86)/atmel/atmel toolchain/avr8 gcc/native/3.4.1061/avr8-gnu-toolchain/bin/../lib/gcc/avr/4.8.1/../../../../avr/lib/avr5\libc.a(iob.o)
 .comment       0x00000000       0x31 c:/program files (x86)/atmel/atmel toolchain/avr8 gcc/native/3.4.1061/avr8-gnu-toolchain/bin/../lib/gcc/avr/4.8.1/../../../../avr/lib/avr5\libc.a(sprintf.o)
 .comment       0x00000030       0x2c c:/program files (x86)/atmel/atmel toolchain/avr8 gcc/native/3.4.1061/avr8-gnu-toolchain/bin/../lib/gcc/avr/4.8.1/../../../../avr/lib/avr5\libc.a(vfprintf_std.o)
                                 0x2d (size before relaxing)
 .comment       0x00000000       0x31 c:/program files (x86)/atmel/atmel toolchain/avr8 gcc/native/3.4.1061/avr8-gnu-toolchain/bin/../lib/gcc/avr/4.8.1/../../../../avr/lib/avr5\libc.a(calloc.o)
 .comment       0x00000000       0x31 c:/program files (x86)/atmel/atmel toolchain/avr8 gcc/native/3.4.1061/avr8-gnu-toolchain/bin/../lib/gcc/avr/4.8.1/../../../../avr/lib/avr5\libc.a(malloc.o)
 .comment       0x00000000       0x31 c:/program files (x86)/atmel/atmel toolchain/avr8 gcc/native/3.4.1061/avr8-gnu-toolchain/bin/../lib/gcc/avr/4.8.1/../../../../avr/lib/avr5\libc.a(fputc.o)

.note.gnu.build-id
 *(.note.gnu.build-id)

.debug
 *(.debug)

.line
 *(.line)

.debug_srcinfo
 *(.debug_srcinfo)

.debug_sfnames
 *(.debug_sfnames)

.debug_aranges  0x00000000      0x370
 *(.debug_aranges)
 .debug_aranges
                0x00000000       0x28 Node_1/ADC.o
 .debug_aranges
                0x00000028       0x40 Node_1/CAN.o
 .debug_aranges
                0x00000068       0x40 Node_1/EEPROM.o
 .debug_aranges
                0x000000a8       0x40 Node_1/game.o
 .debug_aranges
                0x000000e8       0x68 Node_1/joystick.o
 .debug_aranges
                0x00000150       0x20 Node_1/main.o
 .debug_aranges
                0x00000170       0x50 Node_1/MCPdriver.o
 .debug_aranges
                0x000001c0       0x58 Node_1/menu.o
 .debug_aranges
                0x00000218       0xf0 Node_1/OLEDdriver.o
 .debug_aranges
                0x00000308       0x38 Node_1/SPI.o
 .debug_aranges
                0x00000340       0x30 Node_1/UARTdriver.o

.debug_pubnames
 *(.debug_pubnames)

.debug_info     0x00000000     0x4ae6
 *(.debug_info .gnu.linkonce.wi.*)
 .debug_info    0x00000000       0xd4 Node_1/ADC.o
 .debug_info    0x000000d4      0x3a0 Node_1/CAN.o
 .debug_info    0x00000474      0x339 Node_1/EEPROM.o
 .debug_info    0x000007ad     0x1064 Node_1/game.o
 .debug_info    0x00001811      0x58b Node_1/joystick.o
 .debug_info    0x00001d9c      0x74b Node_1/main.o
 .debug_info    0x000024e7      0x4a5 Node_1/MCPdriver.o
 .debug_info    0x0000298c      0x990 Node_1/menu.o
 .debug_info    0x0000331c     0x15be Node_1/OLEDdriver.o
 .debug_info    0x000048da       0xee Node_1/SPI.o
 .debug_info    0x000049c8      0x11e Node_1/UARTdriver.o

.debug_abbrev   0x00000000     0x1423
 *(.debug_abbrev)
 .debug_abbrev  0x00000000       0x9b Node_1/ADC.o
 .debug_abbrev  0x0000009b      0x1ad Node_1/CAN.o
 .debug_abbrev  0x00000248      0x11b Node_1/EEPROM.o
 .debug_abbrev  0x00000363      0x315 Node_1/game.o
 .debug_abbrev  0x00000678      0x23a Node_1/joystick.o
 .debug_abbrev  0x000008b2      0x230 Node_1/main.o
 .debug_abbrev  0x00000ae2      0x1bc Node_1/MCPdriver.o
 .debug_abbrev  0x00000c9e      0x26a Node_1/menu.o
 .debug_abbrev  0x00000f08      0x3a8 Node_1/OLEDdriver.o
 .debug_abbrev  0x000012b0       0xa8 Node_1/SPI.o
 .debug_abbrev  0x00001358       0xcb Node_1/UARTdriver.o

.debug_line     0x00000000     0x155d
 *(.debug_line .debug_line.* .debug_line_end)
 .debug_line    0x00000000       0xc9 Node_1/ADC.o
 .debug_line    0x000000c9      0x131 Node_1/CAN.o
 .debug_line    0x000001fa      0x111 Node_1/EEPROM.o
 .debug_line    0x0000030b      0x360 Node_1/game.o
 .debug_line    0x0000066b      0x1cb Node_1/joystick.o
 .debug_line    0x00000836      0x1d0 Node_1/main.o
 .debug_line    0x00000a06      0x1c4 Node_1/MCPdriver.o
 .debug_line    0x00000bca      0x244 Node_1/menu.o
 .debug_line    0x00000e0e      0x577 Node_1/OLEDdriver.o
 .debug_line    0x00001385       0xf3 Node_1/SPI.o
 .debug_line    0x00001478       0xe5 Node_1/UARTdriver.o

.debug_frame    0x00000000      0x95c
 *(.debug_frame)
 .debug_frame   0x00000000       0x34 Node_1/ADC.o
 .debug_frame   0x00000034       0xa4 Node_1/CAN.o
 .debug_frame   0x000000d8       0x88 Node_1/EEPROM.o
 .debug_frame   0x00000160      0x128 Node_1/game.o
 .debug_frame   0x00000288      0x130 Node_1/joystick.o
 .debug_frame   0x000003b8       0x34 Node_1/main.o
 .debug_frame   0x000003ec       0xb8 Node_1/MCPdriver.o
 .debug_frame   0x000004a4      0x10c Node_1/menu.o
 .debug_frame   0x000005b0      0x314 Node_1/OLEDdriver.o
 .debug_frame   0x000008c4       0x54 Node_1/SPI.o
 .debug_frame   0x00000918       0x44 Node_1/UARTdriver.o

.debug_str      0x00000000      0xbaf
 *(.debug_str)
 .debug_str     0x00000000      0x140 Node_1/ADC.o
                                0x179 (size before relaxing)
 .debug_str     0x00000140       0xc7 Node_1/CAN.o
                                0x228 (size before relaxing)
 .debug_str     0x00000207       0x7b Node_1/EEPROM.o
                                0x1d5 (size before relaxing)
 .debug_str     0x00000282      0x27f Node_1/game.o
                                0x43e (size before relaxing)
 .debug_str     0x00000501      0x1a3 Node_1/joystick.o
                                0x37e (size before relaxing)
 .debug_str     0x000006a4       0xd7 Node_1/main.o
                                0x441 (size before relaxing)
 .debug_str     0x0000077b       0x6b Node_1/MCPdriver.o
                                0x283 (size before relaxing)
 .debug_str     0x000007e6      0x283 Node_1/menu.o
                                0x5f3 (size before relaxing)
 .debug_str     0x00000a69       0xed Node_1/OLEDdriver.o
                                0x44d (size before relaxing)
 .debug_str     0x00000b56       0x17 Node_1/SPI.o
                                0x196 (size before relaxing)
 .debug_str     0x00000b6d       0x42 Node_1/UARTdriver.o
                                0x19c (size before relaxing)

.debug_loc      0x00000000     0x2b71
 *(.debug_loc)
 .debug_loc     0x00000000       0x2e Node_1/ADC.o
 .debug_loc     0x0000002e      0x1bb Node_1/CAN.o
 .debug_loc     0x000001e9      0x179 Node_1/EEPROM.o
 .debug_loc     0x00000362      0x83c Node_1/game.o
 .debug_loc     0x00000b9e      0x433 Node_1/joystick.o
 .debug_loc     0x00000fd1      0x165 Node_1/main.o
 .debug_loc     0x00001136      0x29f Node_1/MCPdriver.o
 .debug_loc     0x000013d5      0x583 Node_1/menu.o
 .debug_loc     0x00001958     0x1219 Node_1/OLEDdriver.o

.debug_macinfo
 *(.debug_macinfo)

.debug_weaknames
 *(.debug_weaknames)

.debug_funcnames
 *(.debug_funcnames)

.debug_typenames
 *(.debug_typenames)

.debug_varnames
 *(.debug_varnames)

.debug_pubtypes
 *(.debug_pubtypes)

.debug_ranges   0x00000000      0x500
 *(.debug_ranges)
 .debug_ranges  0x00000000       0x18 Node_1/ADC.o
 .debug_ranges  0x00000018       0x30 Node_1/CAN.o
 .debug_ranges  0x00000048       0x30 Node_1/EEPROM.o
 .debug_ranges  0x00000078       0x90 Node_1/game.o
 .debug_ranges  0x00000108       0x70 Node_1/joystick.o
 .debug_ranges  0x00000178       0x10 Node_1/main.o
 .debug_ranges  0x00000188       0x40 Node_1/MCPdriver.o
 .debug_ranges  0x000001c8       0x48 Node_1/menu.o
 .debug_ranges  0x00000210      0x2a8 Node_1/OLEDdriver.o
 .debug_ranges  0x000004b8       0x28 Node_1/SPI.o
 .debug_ranges  0x000004e0       0x20 Node_1/UARTdriver.o

.debug_macro
 *(.debug_macro)
OUTPUT(Node_1.elf elf32-avr)
LOAD linker stubs
